Flow report for Secador
Sun Nov 11 22:00:18 2018
Quartus II 64-Bit Version 13.0.0 Build 156 04/24/2013 SJ Web Edition


---------------------
; Table of Contents ;
---------------------
  1. Legal Notice
  2. Flow Summary
  3. Flow Settings
  4. Flow Non-Default Global Settings
  5. Flow Elapsed Time
  6. Flow OS Summary
  7. Flow Log
  8. Flow Messages
  9. Flow Suppressed Messages



----------------
; Legal Notice ;
----------------
Copyright (C) 1991-2013 Altera Corporation
Your use of Altera Corporation's design tools, logic functions 
and other software and tools, and its AMPP partner logic 
functions, and any output files from any of the foregoing 
(including device programming or simulation files), and any 
associated documentation or information are expressly subject 
to the terms and conditions of the Altera Program License 
Subscription Agreement, Altera MegaCore Function License 
Agreement, or other applicable license agreement, including, 
without limitation, that your use is for the sole purpose of 
programming logic devices manufactured by Altera and sold by 
Altera or its authorized distributors.  Please refer to the 
applicable agreement for further details.



+---------------------------------------------------------------------------------+
; Flow Summary                                                                    ;
+------------------------------------+--------------------------------------------+
; Flow Status                        ; Successful - Sun Nov 11 22:00:18 2018      ;
; Quartus II 64-Bit Version          ; 13.0.0 Build 156 04/24/2013 SJ Web Edition ;
; Revision Name                      ; Secador                                    ;
; Top-level Entity Name              ; Secador                                    ;
; Family                             ; Cyclone II                                 ;
; Device                             ; EP2C35F672C6                               ;
; Timing Models                      ; Final                                      ;
; Total logic elements               ; 0 / 33,216 ( 0 % )                         ;
;     Total combinational functions  ; 0 / 33,216 ( 0 % )                         ;
;     Dedicated logic registers      ; 0 / 33,216 ( 0 % )                         ;
; Total registers                    ; 0                                          ;
; Total pins                         ; 5 / 475 ( 1 % )                            ;
; Total virtual pins                 ; 0                                          ;
; Total memory bits                  ; 0 / 483,840 ( 0 % )                        ;
; Embedded Multiplier 9-bit elements ; 0 / 70 ( 0 % )                             ;
; Total PLLs                         ; 0 / 4 ( 0 % )                              ;
+------------------------------------+--------------------------------------------+


+-----------------------------------------+
; Flow Settings                           ;
+-------------------+---------------------+
; Option            ; Setting             ;
+-------------------+---------------------+
; Start date & time ; 11/11/2018 21:59:54 ;
; Main task         ; Compilation         ;
; Revision Name     ; Secador             ;
+-------------------+---------------------+


+------------------------------------------------------------------------------------------------------------------------------------------+
; Flow Non-Default Global Settings                                                                                                         ;
+-------------------------------------+-----------------------------------------------------+---------------+-------------+----------------+
; Assignment Name                     ; Value                                               ; Default Value ; Entity Name ; Section Id     ;
+-------------------------------------+-----------------------------------------------------+---------------+-------------+----------------+
; COMPILER_SIGNATURE_ID               ; 0.154198439408393                                   ; --            ; --          ; --             ;
; EDA_GENERATE_FUNCTIONAL_NETLIST     ; On                                                  ; --            ; --          ; eda_simulation ;
; EDA_OUTPUT_DATA_FORMAT              ; Verilog Hdl                                         ; --            ; --          ; eda_simulation ;
; EDA_SIMULATION_TOOL                 ; ModelSim-Altera (Verilog)                           ; <None>        ; --          ; --             ;
; IP_TOOL_NAME                        ; LPM_SHIFTREG                                        ; --            ; --          ; --             ;
; IP_TOOL_NAME                        ; LPM_COUNTER                                         ; --            ; --          ; --             ;
; IP_TOOL_NAME                        ; LPM_SHIFTREG                                        ; --            ; --          ; --             ;
; IP_TOOL_NAME                        ; LPM_SHIFTREG                                        ; --            ; --          ; --             ;
; IP_TOOL_NAME                        ; LPM_COUNTER                                         ; --            ; --          ; --             ;
; IP_TOOL_NAME                        ; LPM_COUNTER                                         ; --            ; --          ; --             ;
; IP_TOOL_NAME                        ; LPM_COUNTER                                         ; --            ; --          ; --             ;
; IP_TOOL_NAME                        ; LPM_SHIFTREG                                        ; --            ; --          ; --             ;
; IP_TOOL_NAME                        ; LPM_COUNTER                                         ; --            ; --          ; --             ;
; IP_TOOL_NAME                        ; ALTFP_CONVERT                                       ; --            ; --          ; --             ;
; IP_TOOL_NAME                        ; ALTFP_MULT                                          ; --            ; --          ; --             ;
; IP_TOOL_NAME                        ; ALTFP_COMPARE                                       ; --            ; --          ; --             ;
; IP_TOOL_NAME                        ; LPM_MUX                                             ; --            ; --          ; --             ;
; IP_TOOL_NAME                        ; ALTFP_ADD_SUB                                       ; --            ; --          ; --             ;
; IP_TOOL_NAME                        ; ALTFP_COMPARE                                       ; --            ; --          ; --             ;
; IP_TOOL_NAME                        ; ROM: 1-PORT                                         ; --            ; --          ; --             ;
; IP_TOOL_NAME                        ; ROM: 1-PORT                                         ; --            ; --          ; --             ;
; IP_TOOL_NAME                        ; ROM: 1-PORT                                         ; --            ; --          ; --             ;
; IP_TOOL_NAME                        ; ROM: 1-PORT                                         ; --            ; --          ; --             ;
; IP_TOOL_NAME                        ; LPM_COUNTER                                         ; --            ; --          ; --             ;
; IP_TOOL_NAME                        ; LPM_CONSTANT                                        ; --            ; --          ; --             ;
; IP_TOOL_NAME                        ; LPM_CONSTANT                                        ; --            ; --          ; --             ;
; IP_TOOL_NAME                        ; LPM_CONSTANT                                        ; --            ; --          ; --             ;
; IP_TOOL_NAME                        ; LPM_CONSTANT                                        ; --            ; --          ; --             ;
; IP_TOOL_NAME                        ; LPM_CONSTANT                                        ; --            ; --          ; --             ;
; IP_TOOL_NAME                        ; LPM_CONSTANT                                        ; --            ; --          ; --             ;
; IP_TOOL_NAME                        ; ALTFP_ADD_SUB                                       ; --            ; --          ; --             ;
; IP_TOOL_NAME                        ; ALTFP_CONVERT                                       ; --            ; --          ; --             ;
; IP_TOOL_NAME                        ; ALTFP_COMPARE                                       ; --            ; --          ; --             ;
; IP_TOOL_NAME                        ; LPM_COUNTER                                         ; --            ; --          ; --             ;
; IP_TOOL_NAME                        ; LPM_COMPARE                                         ; --            ; --          ; --             ;
; IP_TOOL_NAME                        ; LPM_COUNTER                                         ; --            ; --          ; --             ;
; IP_TOOL_NAME                        ; LPM_CONSTANT                                        ; --            ; --          ; --             ;
; IP_TOOL_NAME                        ; LPM_CONSTANT                                        ; --            ; --          ; --             ;
; IP_TOOL_NAME                        ; LPM_CONSTANT                                        ; --            ; --          ; --             ;
; IP_TOOL_NAME                        ; ALTFP_COMPARE                                       ; --            ; --          ; --             ;
; IP_TOOL_NAME                        ; LPM_CONSTANT                                        ; --            ; --          ; --             ;
; IP_TOOL_NAME                        ; LPM_SHIFTREG                                        ; --            ; --          ; --             ;
; IP_TOOL_NAME                        ; LPM_COUNTER                                         ; --            ; --          ; --             ;
; IP_TOOL_NAME                        ; LPM_SHIFTREG                                        ; --            ; --          ; --             ;
; IP_TOOL_VERSION                     ; 13.0                                                ; --            ; --          ; --             ;
; IP_TOOL_VERSION                     ; 13.0                                                ; --            ; --          ; --             ;
; IP_TOOL_VERSION                     ; 13.0                                                ; --            ; --          ; --             ;
; IP_TOOL_VERSION                     ; 13.0                                                ; --            ; --          ; --             ;
; IP_TOOL_VERSION                     ; 13.0                                                ; --            ; --          ; --             ;
; IP_TOOL_VERSION                     ; 13.0                                                ; --            ; --          ; --             ;
; IP_TOOL_VERSION                     ; 13.0                                                ; --            ; --          ; --             ;
; IP_TOOL_VERSION                     ; 13.0                                                ; --            ; --          ; --             ;
; IP_TOOL_VERSION                     ; 13.0                                                ; --            ; --          ; --             ;
; IP_TOOL_VERSION                     ; 13.0                                                ; --            ; --          ; --             ;
; IP_TOOL_VERSION                     ; 13.0                                                ; --            ; --          ; --             ;
; IP_TOOL_VERSION                     ; 13.0                                                ; --            ; --          ; --             ;
; IP_TOOL_VERSION                     ; 13.0                                                ; --            ; --          ; --             ;
; IP_TOOL_VERSION                     ; 13.0                                                ; --            ; --          ; --             ;
; IP_TOOL_VERSION                     ; 13.0                                                ; --            ; --          ; --             ;
; IP_TOOL_VERSION                     ; 13.0                                                ; --            ; --          ; --             ;
; IP_TOOL_VERSION                     ; 13.0                                                ; --            ; --          ; --             ;
; IP_TOOL_VERSION                     ; 13.0                                                ; --            ; --          ; --             ;
; IP_TOOL_VERSION                     ; 13.0                                                ; --            ; --          ; --             ;
; IP_TOOL_VERSION                     ; 13.0                                                ; --            ; --          ; --             ;
; IP_TOOL_VERSION                     ; 13.0                                                ; --            ; --          ; --             ;
; IP_TOOL_VERSION                     ; 13.0                                                ; --            ; --          ; --             ;
; IP_TOOL_VERSION                     ; 13.0                                                ; --            ; --          ; --             ;
; IP_TOOL_VERSION                     ; 13.0                                                ; --            ; --          ; --             ;
; IP_TOOL_VERSION                     ; 13.0                                                ; --            ; --          ; --             ;
; IP_TOOL_VERSION                     ; 13.0                                                ; --            ; --          ; --             ;
; IP_TOOL_VERSION                     ; 13.0                                                ; --            ; --          ; --             ;
; IP_TOOL_VERSION                     ; 13.0                                                ; --            ; --          ; --             ;
; IP_TOOL_VERSION                     ; 13.0                                                ; --            ; --          ; --             ;
; IP_TOOL_VERSION                     ; 13.0                                                ; --            ; --          ; --             ;
; IP_TOOL_VERSION                     ; 13.0                                                ; --            ; --          ; --             ;
; IP_TOOL_VERSION                     ; 13.0                                                ; --            ; --          ; --             ;
; IP_TOOL_VERSION                     ; 13.0                                                ; --            ; --          ; --             ;
; IP_TOOL_VERSION                     ; 13.0                                                ; --            ; --          ; --             ;
; IP_TOOL_VERSION                     ; 13.0                                                ; --            ; --          ; --             ;
; IP_TOOL_VERSION                     ; 13.0                                                ; --            ; --          ; --             ;
; IP_TOOL_VERSION                     ; 13.0                                                ; --            ; --          ; --             ;
; IP_TOOL_VERSION                     ; 13.0                                                ; --            ; --          ; --             ;
; IP_TOOL_VERSION                     ; 13.0                                                ; --            ; --          ; --             ;
; IP_TOOL_VERSION                     ; 13.0                                                ; --            ; --          ; --             ;
; MAX_CORE_JUNCTION_TEMP              ; 85                                                  ; --            ; --          ; --             ;
; MIN_CORE_JUNCTION_TEMP              ; 0                                                   ; --            ; --          ; --             ;
; MISC_FILE                           ; components/lpm_shiftreg_SPI.bsf                     ; --            ; --          ; --             ;
; MISC_FILE                           ; components/lpm_shiftreg_SPI.cmp                     ; --            ; --          ; --             ;
; MISC_FILE                           ; components/lpm_counter_SPI.bsf                      ; --            ; --          ; --             ;
; MISC_FILE                           ; components/lpm_counter_SPI.cmp                      ; --            ; --          ; --             ;
; MISC_FILE                           ; components/lpm_shiftreg_SENSOR1.bsf                 ; --            ; --          ; --             ;
; MISC_FILE                           ; components/lpm_shiftreg_SENSOR1.cmp                 ; --            ; --          ; --             ;
; MISC_FILE                           ; components/lpm_shiftreg_SENSOR1_SINCRONIZADOR_1.bsf ; --            ; --          ; --             ;
; MISC_FILE                           ; components/lpm_shiftreg_SENSOR1_SINCRONIZADOR_1.cmp ; --            ; --          ; --             ;
; MISC_FILE                           ; lpm_counter_TIMER_GLOBAL.bsf                        ; --            ; --          ; --             ;
; MISC_FILE                           ; lpm_counter_TIMER_GLOBAL.cmp                        ; --            ; --          ; --             ;
; MISC_FILE                           ; lpm_counter_CONTADOR_GLOBAL_MS.bsf                  ; --            ; --          ; --             ;
; MISC_FILE                           ; lpm_counter_CONTADOR_GLOBAL_MS.cmp                  ; --            ; --          ; --             ;
; MISC_FILE                           ; waveforms/lpm_counter_SPI_0_TO_2.bsf                ; --            ; --          ; --             ;
; MISC_FILE                           ; waveforms/lpm_counter_SPI_0_TO_2.cmp                ; --            ; --          ; --             ;
; MISC_FILE                           ; waveforms/lpm_shiftreg_SPI_TRANSITION_STATE.bsf     ; --            ; --          ; --             ;
; MISC_FILE                           ; waveforms/lpm_shiftreg_SPI_TRANSITION_STATE.cmp     ; --            ; --          ; --             ;
; MISC_FILE                           ; waveforms/lpm_counter_SPI_STATE_RECEIVE.bsf         ; --            ; --          ; --             ;
; MISC_FILE                           ; waveforms/lpm_counter_SPI_STATE_RECEIVE.cmp         ; --            ; --          ; --             ;
; MISC_FILE                           ; altfp_convert_INT_TO_FP.bsf                         ; --            ; --          ; --             ;
; MISC_FILE                           ; altfp_convert_INT_TO_FP_inst.vhd                    ; --            ; --          ; --             ;
; MISC_FILE                           ; altfp_convert_INT_TO_FP.inc                         ; --            ; --          ; --             ;
; MISC_FILE                           ; altfp_convert_INT_TO_FP.cmp                         ; --            ; --          ; --             ;
; MISC_FILE                           ; altfp_mult_ADJUSTING_DATA.bsf                       ; --            ; --          ; --             ;
; MISC_FILE                           ; altfp_mult_ADJUSTING_DATA_inst.vhd                  ; --            ; --          ; --             ;
; MISC_FILE                           ; altfp_mult_ADJUSTING_DATA.inc                       ; --            ; --          ; --             ;
; MISC_FILE                           ; altfp_mult_ADJUSTING_DATA.cmp                       ; --            ; --          ; --             ;
; MISC_FILE                           ; altfp_compare_Z.bsf                                 ; --            ; --          ; --             ;
; MISC_FILE                           ; altfp_compare_Z.cmp                                 ; --            ; --          ; --             ;
; MISC_FILE                           ; components/lpm_mux_DECODER_Z.bsf                    ; --            ; --          ; --             ;
; MISC_FILE                           ; components/lpm_mux_DECODER_Z.cmp                    ; --            ; --          ; --             ;
; MISC_FILE                           ; components/altfp_add_sub_Z.bsf                      ; --            ; --          ; --             ;
; MISC_FILE                           ; components/altfp_add_sub_Z.cmp                      ; --            ; --          ; --             ;
; MISC_FILE                           ; components/altfp_compare_Z_T.bsf                    ; --            ; --          ; --             ;
; MISC_FILE                           ; components/altfp_compare_Z_T.cmp                    ; --            ; --          ; --             ;
; MISC_FILE                           ; components/romA.cmp                                 ; --            ; --          ; --             ;
; MISC_FILE                           ; components/romB.cmp                                 ; --            ; --          ; --             ;
; MISC_FILE                           ; components/romAng.bsf                               ; --            ; --          ; --             ;
; MISC_FILE                           ; components/romAng.cmp                               ; --            ; --          ; --             ;
; MISC_FILE                           ; components/romLin.bsf                               ; --            ; --          ; --             ;
; MISC_FILE                           ; components/romLin.cmp                               ; --            ; --          ; --             ;
; MISC_FILE                           ; waveforms/lpm_counter_DIVFREQ11.bsf                 ; --            ; --          ; --             ;
; MISC_FILE                           ; waveforms/lpm_counter_DIVFREQ11.cmp                 ; --            ; --          ; --             ;
; MISC_FILE                           ; INTERVAL0.bsf                                       ; --            ; --          ; --             ;
; MISC_FILE                           ; INTERVAL0.cmp                                       ; --            ; --          ; --             ;
; MISC_FILE                           ; INTERVAL1.bsf                                       ; --            ; --          ; --             ;
; MISC_FILE                           ; INTERVAL1.cmp                                       ; --            ; --          ; --             ;
; MISC_FILE                           ; INTERVAL2.bsf                                       ; --            ; --          ; --             ;
; MISC_FILE                           ; INTERVAL2.cmp                                       ; --            ; --          ; --             ;
; MISC_FILE                           ; INTERVAL3.bsf                                       ; --            ; --          ; --             ;
; MISC_FILE                           ; INTERVAL3.cmp                                       ; --            ; --          ; --             ;
; MISC_FILE                           ; ALPHA_TIMES_VREF_ADJUST.bsf                         ; --            ; --          ; --             ;
; MISC_FILE                           ; ALPHA_TIMES_VREF_ADJUST.cmp                         ; --            ; --          ; --             ;
; MISC_FILE                           ; BETA_TIMES_VREF_ADJUST.bsf                          ; --            ; --          ; --             ;
; MISC_FILE                           ; BETA_TIMES_VREF_ADJUST.cmp                          ; --            ; --          ; --             ;
; MISC_FILE                           ; altfp_adder_X.bsf                                   ; --            ; --          ; --             ;
; MISC_FILE                           ; altfp_adder_X.cmp                                   ; --            ; --          ; --             ;
; MISC_FILE                           ; altfp_convert_FP_TO_INT.bsf                         ; --            ; --          ; --             ;
; MISC_FILE                           ; altfp_convert_FP_TO_INT_inst.vhd                    ; --            ; --          ; --             ;
; MISC_FILE                           ; altfp_convert_FP_TO_INT.inc                         ; --            ; --          ; --             ;
; MISC_FILE                           ; altfp_convert_FP_TO_INT.cmp                         ; --            ; --          ; --             ;
; MISC_FILE                           ; altfp_compare_PWM.bsf                               ; --            ; --          ; --             ;
; MISC_FILE                           ; altfp_compare_PWM.cmp                               ; --            ; --          ; --             ;
; MISC_FILE                           ; lpm_counter_PWM.bsf                                 ; --            ; --          ; --             ;
; MISC_FILE                           ; lpm_counter_PWM.cmp                                 ; --            ; --          ; --             ;
; MISC_FILE                           ; lpm_compare_PWM_I.bsf                               ; --            ; --          ; --             ;
; MISC_FILE                           ; lpm_compare_PWM_I.cmp                               ; --            ; --          ; --             ;
; MISC_FILE                           ; lpm_counter_PWM_FREQ_DIV.bsf                        ; --            ; --          ; --             ;
; MISC_FILE                           ; lpm_counter_PWM_FREQ_DIV.cmp                        ; --            ; --          ; --             ;
; MISC_FILE                           ; PWM_CONSTANT.bsf                                    ; --            ; --          ; --             ;
; MISC_FILE                           ; PWM_CONSTANT.cmp                                    ; --            ; --          ; --             ;
; MISC_FILE                           ; Zero.bsf                                            ; --            ; --          ; --             ;
; MISC_FILE                           ; Zero.cmp                                            ; --            ; --          ; --             ;
; MISC_FILE                           ; TIME_ADJUSTER.bsf                                   ; --            ; --          ; --             ;
; MISC_FILE                           ; TIME_ADJUSTER.cmp                                   ; --            ; --          ; --             ;
; MISC_FILE                           ; altfp_compare_PWM_EN.bsf                            ; --            ; --          ; --             ;
; MISC_FILE                           ; altfp_compare_PWM_EN.cmp                            ; --            ; --          ; --             ;
; MISC_FILE                           ; TIME_LIM.bsf                                        ; --            ; --          ; --             ;
; MISC_FILE                           ; TIME_LIM.cmp                                        ; --            ; --          ; --             ;
; MISC_FILE                           ; lpm_shiftreg_SPI_2.bsf                              ; --            ; --          ; --             ;
; MISC_FILE                           ; lpm_shiftreg_SPI_2.cmp                              ; --            ; --          ; --             ;
; MISC_FILE                           ; lpm_counter_SPI_STATE_SENDER.bsf                    ; --            ; --          ; --             ;
; MISC_FILE                           ; lpm_counter_SPI_STATE_SENDER.cmp                    ; --            ; --          ; --             ;
; MISC_FILE                           ; lpm_shiftreg_SPI_RECEIVE.bsf                        ; --            ; --          ; --             ;
; MISC_FILE                           ; lpm_shiftreg_SPI_RECEIVE.cmp                        ; --            ; --          ; --             ;
; PARTITION_COLOR                     ; 16764057                                            ; --            ; --          ; Top            ;
; PARTITION_FITTER_PRESERVATION_LEVEL ; PLACEMENT_AND_ROUTING                               ; --            ; --          ; Top            ;
; PARTITION_NETLIST_TYPE              ; SOURCE                                              ; --            ; --          ; Top            ;
; PROJECT_OUTPUT_DIRECTORY            ; output_files                                        ; --            ; --          ; --             ;
+-------------------------------------+-----------------------------------------------------+---------------+-------------+----------------+


+-------------------------------------------------------------------------------------------------------------------------------+
; Flow Elapsed Time                                                                                                             ;
+---------------------------+--------------+-------------------------+---------------------+------------------------------------+
; Module Name               ; Elapsed Time ; Average Processors Used ; Peak Virtual Memory ; Total CPU Time (on all processors) ;
+---------------------------+--------------+-------------------------+---------------------+------------------------------------+
; Analysis & Synthesis      ; 00:00:07     ; 1.0                     ; 747 MB              ; 00:00:06                           ;
; Fitter                    ; 00:00:05     ; 1.0                     ; 722 MB              ; 00:00:05                           ;
; Assembler                 ; 00:00:02     ; 1.0                     ; 569 MB              ; 00:00:02                           ;
; TimeQuest Timing Analyzer ; 00:00:00     ; 1.0                     ; 505 MB              ; 00:00:01                           ;
; EDA Netlist Writer        ; 00:00:01     ; 1.0                     ; 787 MB              ; 00:00:00                           ;
; Total                     ; 00:00:15     ; --                      ; --                  ; 00:00:14                           ;
+---------------------------+--------------+-------------------------+---------------------+------------------------------------+


+---------------------------------------------------------------------------------------------+
; Flow OS Summary                                                                             ;
+---------------------------+------------------+----------------+------------+----------------+
; Module Name               ; Machine Hostname ; OS Name        ; OS Version ; Processor type ;
+---------------------------+------------------+----------------+------------+----------------+
; Analysis & Synthesis      ; Vulcan           ; Ubuntu 16.04.5 ; 16         ; x86_64         ;
; Fitter                    ; Vulcan           ; Ubuntu 16.04.5 ; 16         ; x86_64         ;
; Assembler                 ; Vulcan           ; Ubuntu 16.04.5 ; 16         ; x86_64         ;
; TimeQuest Timing Analyzer ; Vulcan           ; Ubuntu 16.04.5 ; 16         ; x86_64         ;
; EDA Netlist Writer        ; Vulcan           ; Ubuntu 16.04.5 ; 16         ; x86_64         ;
+---------------------------+------------------+----------------+------------+----------------+


------------
; Flow Log ;
------------
quartus_map --read_settings_files=on --write_settings_files=off Secador -c Secador
quartus_fit --read_settings_files=off --write_settings_files=off Secador -c Secador
quartus_asm --read_settings_files=off --write_settings_files=off Secador -c Secador
quartus_sta Secador -c Secador
quartus_eda --read_settings_files=off --write_settings_files=off Secador -c Secador



